// Jest Snapshot v1, https://goo.gl/fbAQLP

exports[`minimal invalid form 1`] = `
Array [
  "Select a country",
  "Select a location",
  "If you need £10,000 or less from us, you can apply today through <a href=\\"/funding/under10k\\"> National Lottery Awards for All </a>.",
  "Select a project duration",
  "Tell us what you would like to do",
  "Tell us how your project involves your community",
  "Tell us how your idea fits in with other local activities",
  "Enter the full legal name of the organisation",
  "Enter a full UK address",
  "Enter an email address",
]
`;

exports[`minimal invalid form 2`] = `
Array [
  "\\"projectCountry\\" must be one of [england, scotland, northern-ireland, wales]",
  "\\"projectLocation\\" must be a string",
  "\\"projectCosts\\" must be larger than or equal to 10000",
  "\\"projectDurationYears\\" must be less than or equal to 5",
  "\\"yourIdeaProject\\" is required",
  "\\"yourIdeaCommunity\\" is required",
  "\\"yourIdeaActivities\\" is required",
  "\\"organisationLegalName\\" is required",
  "\\"organisationAddress\\" is required",
  "\\"contactEmail\\" is required",
]
`;

exports[`minimal valid form 1`] = `
Object {
  "contactCommunicationNeeds": "Large print",
  "contactEmail": "general.enquiries@tnlcommunityfund.org.uk",
  "contactName": Object {
    "firstName": "Björk",
    "lastName": "Guðmundsdóttir",
  },
  "contactPhone": "0345 410 2030",
  "organisationAddress": Object {
    "county": "West Midlands",
    "line1": "1234 example street",
    "postcode": "B15 1TR",
    "townCity": "Birmingham",
  },
  "organisationLegalName": "Example organisation",
  "organisationTradingName": "Example trading name",
  "projectCosts": 250000,
  "projectCountry": Any<Array>,
  "projectDurationYears": 3,
  "projectLocation": Any<String>,
  "projectLocationDescription": "optional description",
  "yourIdeaActivities": Any<String>,
  "yourIdeaCommunity": Any<String>,
  "yourIdeaProject": Any<String>,
}
`;
