// Jest Snapshot v1, https://goo.gl/fbAQLP

exports[`include expected locations for "england" 1`] = `
Array [
  Object {
    "label": "East and West Midlands",
    "options": Array [
      Object {
        "label": "Derbyshire",
        "value": "derbyshire",
      },
      Object {
        "label": "Herefordshire",
        "value": "herefordshire",
      },
      Object {
        "label": "Leicestershire",
        "value": "leicestershire",
      },
      Object {
        "label": "Lincolnshire (except North and North East Lincolnshire)",
        "value": "lincolnshire",
      },
      Object {
        "label": "Northamptonshire",
        "value": "northamptonshire",
      },
      Object {
        "label": "Nottinghamshire",
        "value": "nottinghamshire",
      },
      Object {
        "label": "Rutland",
        "value": "rutland",
      },
      Object {
        "label": "Shropshire",
        "value": "shropshire",
      },
      Object {
        "label": "Staffordshire",
        "value": "staffordshire",
      },
      Object {
        "label": "Warwickshire",
        "value": "warwickshire",
      },
      Object {
        "label": "West Midlands",
        "value": "west-midlands",
      },
      Object {
        "label": "Worcestershire",
        "value": "worcestershire",
      },
    ],
  },
  Object {
    "label": "London, South East and East of England",
    "options": Array [
      Object {
        "label": "Bedfordshire",
        "value": "bedfordshire",
      },
      Object {
        "label": "Berkshire",
        "value": "berkshire",
      },
      Object {
        "label": "Buckinghamshire",
        "value": "buckinghamshire",
      },
      Object {
        "label": "Cambridgeshire",
        "value": "cambridgeshire",
      },
      Object {
        "label": "East Sussex",
        "value": "east-sussex",
      },
      Object {
        "label": "Essex",
        "value": "essex",
      },
      Object {
        "label": "Greater London",
        "value": "greater-london",
      },
      Object {
        "label": "Hampshire",
        "value": "hampshire",
      },
      Object {
        "label": "Hertfordshire",
        "value": "hertfordshire",
      },
      Object {
        "label": "Kent",
        "value": "kent",
      },
      Object {
        "label": "Norfolk",
        "value": "norfolk",
      },
      Object {
        "label": "Oxfordshire",
        "value": "oxfordshire",
      },
      Object {
        "label": "Peterborough",
        "value": "peterborough",
      },
      Object {
        "label": "Suffolk",
        "value": "suffolk",
      },
      Object {
        "label": "Surrey",
        "value": "surrey",
      },
      Object {
        "label": "West Sussex",
        "value": "west-sussex",
      },
      Object {
        "label": "the Isle of Wight",
        "value": "the-isle-of-wight",
      },
    ],
  },
  Object {
    "label": "North East & Cumbria",
    "options": Array [
      Object {
        "label": "Cleveland",
        "value": "cleveland",
      },
      Object {
        "label": "County Durham",
        "value": "county-durham",
      },
      Object {
        "label": "Cumbria",
        "value": "cumbria",
      },
      Object {
        "label": "Darlington",
        "value": "darlington",
      },
      Object {
        "label": "Middlesbrough",
        "value": "middlesbrough",
      },
      Object {
        "label": "Northumberland",
        "value": "northumberland",
      },
      Object {
        "label": "Stockton on Tees",
        "value": "stockton-on-tees",
      },
      Object {
        "label": "Tyne and Wear",
        "value": "tyne-and-wear",
      },
    ],
  },
  Object {
    "label": "North West",
    "options": Array [
      Object {
        "label": "Cheshire",
        "value": "cheshire",
      },
      Object {
        "label": "Greater Manchester",
        "value": "greater-manchester",
      },
      Object {
        "label": "Lancashire",
        "value": "lancashire",
      },
      Object {
        "label": "Merseyside",
        "value": "merseyside",
      },
    ],
  },
  Object {
    "label": "South West",
    "options": Array [
      Object {
        "label": "Bath and North East Somerset",
        "value": "bath-and-north-east-somerset",
      },
      Object {
        "label": "Bournemouth",
        "value": "bournemouth",
      },
      Object {
        "label": "Bristol",
        "value": "bristol",
      },
      Object {
        "label": "Cornwall",
        "value": "cornwall",
      },
      Object {
        "label": "Devon",
        "value": "devon",
      },
      Object {
        "label": "Dorset",
        "value": "dorset",
      },
      Object {
        "label": "Gloucestershire",
        "value": "gloucestershire",
      },
      Object {
        "label": "Isles of Scilly",
        "value": "isles-of-scilly",
      },
      Object {
        "label": "North Somerset",
        "value": "north-somerset",
      },
      Object {
        "label": "Plymouth",
        "value": "plymouth",
      },
      Object {
        "label": "Poole",
        "value": "poole",
      },
      Object {
        "label": "Somerset",
        "value": "somerset",
      },
      Object {
        "label": "South Gloucestershire",
        "value": "south-gloucestershire",
      },
      Object {
        "label": "Swindon",
        "value": "swindon",
      },
      Object {
        "label": "Torbay",
        "value": "torbay",
      },
      Object {
        "label": "Wiltshire",
        "value": "wiltshire",
      },
    ],
  },
  Object {
    "label": "Yorkshire and the Humber",
    "options": Array [
      Object {
        "label": "East Riding of Yorkshire",
        "value": "east-riding-of-yorkshire",
      },
      Object {
        "label": "North East Lincolnshire",
        "value": "north-east-lincolnshire",
      },
      Object {
        "label": "North Lincolnshire",
        "value": "north-lincolnshire",
      },
      Object {
        "label": "North Yorkshire",
        "value": "north-yorkshire",
      },
      Object {
        "label": "South Yorkshire",
        "value": "south-yorkshire",
      },
      Object {
        "label": "West Yorkshire",
        "value": "west-yorkshire",
      },
    ],
  },
]
`;

exports[`include expected locations for "northern-ireland" 1`] = `
Array [
  Object {
    "label": "Northern Ireland",
    "options": Array [
      Object {
        "label": "Antrim and Newtownabbey",
        "value": "antrim-and-newtownabbey",
      },
      Object {
        "label": "Ards and North Down",
        "value": "ards-and-north-down",
      },
      Object {
        "label": "Armagh, Banbridge and Craigavon",
        "value": "armagh-banbridge-and-craigavon",
      },
      Object {
        "label": "Belfast",
        "value": "belfast",
      },
      Object {
        "label": "Causeway, Coast and Glens",
        "value": "causeway-coast-and-glens",
      },
      Object {
        "label": "Derry and Strabane",
        "value": "derry-and-strabane",
      },
      Object {
        "label": "Fermanagh and Omagh",
        "value": "fermanagh-and-omagh",
      },
      Object {
        "label": "Lisburn and Castlereagh",
        "value": "lisburn-and-castlereagh",
      },
      Object {
        "label": "Mid Ulster",
        "value": "mid-ulster",
      },
      Object {
        "label": "Mid and East Antrim",
        "value": "mid-and-east-antrim",
      },
      Object {
        "label": "Newry, Mourne and Down",
        "value": "newry-mourne-and-down",
      },
    ],
  },
]
`;

exports[`include expected locations for "scotland" 1`] = `
Array [
  Object {
    "label": "Scotland",
    "options": Array [
      Object {
        "label": "Aberdeen City",
        "value": "aberdeen-city",
      },
      Object {
        "label": "Aberdeenshire",
        "value": "aberdeenshire",
      },
      Object {
        "label": "Angus",
        "value": "angus",
      },
      Object {
        "label": "Argyll & Bute",
        "value": "argyll-and-bute",
      },
      Object {
        "label": "Clackmannanshire",
        "value": "clackmannanshire",
      },
      Object {
        "label": "Dumfries & Galloway",
        "value": "dumfries-and-galloway",
      },
      Object {
        "label": "Dundee",
        "value": "dundee",
      },
      Object {
        "label": "East Ayrshire",
        "value": "east-ayrshire",
      },
      Object {
        "label": "East Dunbartonshire",
        "value": "east-dumbartonshire",
      },
      Object {
        "label": "East Lothian",
        "value": "east-lothian",
      },
      Object {
        "label": "East Renfrewshire",
        "value": "east-renfrewshire",
      },
      Object {
        "label": "Edinburgh",
        "value": "edinburgh",
      },
      Object {
        "label": "Falkirk",
        "value": "falkirk",
      },
      Object {
        "label": "Fife",
        "value": "fife",
      },
      Object {
        "label": "Glasgow",
        "value": "glasgow",
      },
      Object {
        "label": "Highlands",
        "value": "highlands",
      },
      Object {
        "label": "Inverclyde",
        "value": "inverclyde",
      },
      Object {
        "label": "Midlothian",
        "value": "midlothian",
      },
      Object {
        "label": "Moray",
        "value": "moray",
      },
      Object {
        "label": "North Ayrshire",
        "value": "north-ayrshire",
      },
      Object {
        "label": "North Lanarkshire",
        "value": "north-lanarkshire",
      },
      Object {
        "label": "Orkney",
        "value": "orkney",
      },
      Object {
        "label": "Perth & Kinross",
        "value": "perth-and-kinross",
      },
      Object {
        "label": "Renfrewshire",
        "value": "renfrewshire",
      },
      Object {
        "label": "Shetland",
        "value": "shetland",
      },
      Object {
        "label": "South Ayrshire",
        "value": "south-ayrshire",
      },
      Object {
        "label": "South Lanarkshire",
        "value": "south-lanarkshire",
      },
      Object {
        "label": "Stirling",
        "value": "stirling",
      },
      Object {
        "label": "The Scottish Borders",
        "value": "the-scottish-borders",
      },
      Object {
        "label": "West Dunbartonshire",
        "value": "west-dumbartonshire",
      },
      Object {
        "label": "West Lothian",
        "value": "west-lothian",
      },
      Object {
        "label": "Western Isles",
        "value": "western-isles",
      },
    ],
  },
]
`;

exports[`include expected locations for "wales" 1`] = `
Array [
  Object {
    "label": "Wales",
    "options": Array [
      Object {
        "label": "Blaenau Gwent",
        "value": "blaenau-gwent",
      },
      Object {
        "label": "Bridgend",
        "value": "bridgend",
      },
      Object {
        "label": "Caerphilly",
        "value": "caerphilly",
      },
      Object {
        "label": "Cardiff",
        "value": "cardiff",
      },
      Object {
        "label": "Carmarthenshire",
        "value": "carmarthenshire",
      },
      Object {
        "label": "Ceredigion",
        "value": "ceredigion",
      },
      Object {
        "label": "Conwy",
        "value": "conwy",
      },
      Object {
        "label": "Denbighshire",
        "value": "denbighshire",
      },
      Object {
        "label": "Flintshire",
        "value": "flintshire",
      },
      Object {
        "label": "Gwynedd",
        "value": "gwynedd",
      },
      Object {
        "label": "Isle of Anglesey",
        "value": "isle-of-anglesey",
      },
      Object {
        "label": "Merthyr Tydfil",
        "value": "merthyr-tydfil",
      },
      Object {
        "label": "Monmouthshire",
        "value": "monmouthshire",
      },
      Object {
        "label": "Neath Port Talbot",
        "value": "neath-port-talbot",
      },
      Object {
        "label": "Newport",
        "value": "newport",
      },
      Object {
        "label": "Pembrokeshire",
        "value": "pembrokeshire",
      },
      Object {
        "label": "Powys",
        "value": "powys",
      },
      Object {
        "label": "Rhondda Cynon Taf (RCT)",
        "value": "rhondda-cynon-taf",
      },
      Object {
        "label": "Swansea",
        "value": "swansea",
      },
      Object {
        "label": "The Vale of Glamorgan",
        "value": "the-vale-of-glamorgan",
      },
      Object {
        "label": "Torfaen",
        "value": "torfaen",
      },
      Object {
        "label": "Wrexham",
        "value": "wrexham",
      },
    ],
  },
]
`;
