// Jest Snapshot v1, https://goo.gl/fbAQLP

exports[`should allow indexing on live domain 1`] = `
"user-agent: *
sitemap: https://www.tnlcommunityfund.org.uk/sitemap.xml"
`;

exports[`should block indexing on other domains 1`] = `
"user-agent: *
sitemap: https://apply.tnlcommunityfund.org.uk/sitemap.xml
disallow: /"
`;
