// Jest Snapshot v1, https://goo.gl/fbAQLP

exports[`fieldProjectEndDate guidance states 6 months in England 1`] = `undefined`;

exports[`fieldProjectEndDate guidance states 12 months outside England 1`] = `"You have up to 12 months after award to spend the money. It can even be as short as just one day"`;

exports[`fieldProjectEndDate guidance states 12 months when no country is selected 1`] = `"You have up to 12 months after award to spend the money. It can even be as short as just one day"`;
