// Jest Snapshot v1, https://goo.gl/fbAQLP

exports[`show COVID-19 guidance text in England 1`] = `
<p>
  A good application should do at least one of these three things:
</p>
<ol>
  <li>
    build strong relationships in and across communities
  </li>
  <li>
    improve the places and spaces that matter to communities
  </li>
  <li>
    help more people to reach their potential, by supporting them at the earliest possible stage.
  </li>
</ol>
<p>
  With the COVID-19 pandemic still with us, we'll continue to support people and communities most adversely impacted by COVID-19. We can support you to:
</p>
<ul>
  <li>
    continue to deliver activity - whether your community needs crisis response, recovery or business as usual activity.
  </li>
  <li>
    change and adapt, becoming more resilient to respond to new and future challenges.
  </li>
</ul>
<p>
  In order to support communities to thrive, we aim to:
</p>
<ul>
  <li>
    build strong relationships in and across communities
  </li>
  <li>
    improve the places and spaces that matter to communities
  </li>
  <li>
    help more people to reach their potential, by supporting them at the earliest possible stage.
  </li>
</ul>
<p>
  <strong>
    You can write up to 150 words for this section,
but don't worry if you use less.
  </strong>
</p>
`;

exports[`show COVID-19 guidance text in England 2`] = `
<p>
  A good application should do at least one of these three things:
</p>
<ol>
  <li>
    build strong relationships in and across communities
  </li>
  <li>
    improve the places and spaces that matter to communities
  </li>
  <li>
    help more people to reach their potential, by supporting them at the earliest possible stage.
  </li>
</ol>
<p>
  With the COVID-19 pandemic still with us, we'll continue to support people and communities most adversely impacted by COVID-19. We can support you to:
</p>
<ul>
  <li>
    continue to deliver activity - whether your community needs crisis response, recovery or business as usual activity.
  </li>
  <li>
    change and adapt, becoming more resilient to respond to new and future challenges.
  </li>
</ul>
<p>
  In order to support communities to thrive, we aim to:
</p>
<ul>
  <li>
    build strong relationships in and across communities
  </li>
  <li>
    improve the places and spaces that matter to communities
  </li>
  <li>
    help more people to reach their potential, by supporting them at the earliest possible stage.
  </li>
</ul>
<p>
  <strong>
    You can write up to 150 words for this section,
but don't worry if you use less.
  </strong>
</p>
`;

exports[`show COVID-19 guidance text outside England when project is responding to COVID-19 1`] = `
<p>
  A good application should do at least one of these three things:
</p>
<ol>
  <li>
    build strong relationships in and across communities
  </li>
  <li>
    improve the places and spaces that matter to communities
  </li>
  <li>
    help more people to reach their potential, by supporting them at the earliest possible stage.
  </li>
</ol>
<p>
  With the COVID-19 pandemic still with us, we'll continue to support people and communities most adversely impacted by COVID-19. We can support you to:
</p>
<ul>
  <li>
    continue to deliver activity - whether your community needs crisis response, recovery or business as usual activity.
  </li>
  <li>
    change and adapt, becoming more resilient to respond to new and future challenges.
  </li>
</ul>
<p>
  In order to support communities to thrive, we aim to:
</p>
<ul>
  <li>
    build strong relationships in and across communities
  </li>
  <li>
    improve the places and spaces that matter to communities
  </li>
  <li>
    help more people to reach their potential, by supporting them at the earliest possible stage.
  </li>
</ul>
<p>
  <strong>
    You can write up to 150 words for this section,
but don't worry if you use less.
  </strong>
</p>
`;

exports[`show combined guidance text as a fallback 1`] = `
<p>
  A good application should do at least one of these three things:
</p>
<ol>
  <li>
    build strong relationships in and across communities
  </li>
  <li>
    improve the places and spaces that matter to communities
  </li>
  <li>
    help more people to reach their potential, by supporting them at the earliest possible stage.
  </li>
</ol>
<p>
  With the COVID-19 pandemic still with us, we'll continue to support people and communities most adversely impacted by COVID-19. We can support you to:
</p>
<ul>
  <li>
    continue to deliver activity - whether your community needs crisis response, recovery or business as usual activity.
  </li>
  <li>
    change and adapt, becoming more resilient to respond to new and future challenges.
  </li>
</ul>
<p>
  In order to support communities to thrive, we aim to:
</p>
<ul>
  <li>
    build strong relationships in and across communities
  </li>
  <li>
    improve the places and spaces that matter to communities
  </li>
  <li>
    help more people to reach their potential, by supporting them at the earliest possible stage.
  </li>
</ul>
<p>
  <strong>
    You can write up to 150 words for this section,
but don't worry if you use less.
  </strong>
</p>
`;

exports[`show regular guidance text outside England when project is not responding to COVID-19 1`] = `
<p>
  A good application should do at least one of these three things:
</p>
<ol>
  <li>
    build strong relationships in and across communities
  </li>
  <li>
    improve the places and spaces that matter to communities
  </li>
  <li>
    help more people to reach their potential, by supporting them at the earliest possible stage.
  </li>
</ol>
<p>
  With the COVID-19 pandemic still with us, we'll continue to support people and communities most adversely impacted by COVID-19. We can support you to:
</p>
<ul>
  <li>
    continue to deliver activity - whether your community needs crisis response, recovery or business as usual activity.
  </li>
  <li>
    change and adapt, becoming more resilient to respond to new and future challenges.
  </li>
</ul>
<p>
  In order to support communities to thrive, we aim to:
</p>
<ul>
  <li>
    build strong relationships in and across communities
  </li>
  <li>
    improve the places and spaces that matter to communities
  </li>
  <li>
    help more people to reach their potential, by supporting them at the earliest possible stage.
  </li>
</ul>
<p>
  <strong>
    You can write up to 150 words for this section,
but don't worry if you use less.
  </strong>
</p>
`;
