// Jest Snapshot v1, https://goo.gl/fbAQLP

exports[`get notices for under £10,000 application in England for "college-or-university" 1`] = `
Array [
  Object {
    "body": "We've changed our eligibility criteria (for the time being) to help communities through the pandemic. So for funding under £10,000, we're only funding voluntary and community organisations with COVID-19 related projects.",
    "title": "We're sorry, but your application is now not eligible for funding",
  },
]
`;

exports[`get notices for under £10,000 application in England for "school" 1`] = `
Array [
  Object {
    "body": "We've changed our eligibility criteria (for the time being) to help communities through the pandemic. So for funding under £10,000, we're only funding voluntary and community organisations with COVID-19 related projects.",
    "title": "We're sorry, but your application is now not eligible for funding",
  },
]
`;

exports[`get notices for under £10,000 application in England for "statutory-body" 1`] = `
Array [
  Object {
    "body": "We've changed our eligibility criteria (for the time being) to help communities through the pandemic. So for funding under £10,000, we're only funding voluntary and community organisations with COVID-19 related projects.",
    "title": "We're sorry, but your application is now not eligible for funding",
  },
]
`;
